18:20:57 **** Incremental Build of configuration Debug for project MCU_Lab3 ****
make -j8 all 
arm-none-eabi-gcc "../Core/Src/fsm_automatic.c" -mcpu=cortex-m3 -std=gnu11 -g3 -DDEBUG -DUSE_HAL_DRIVER -DSTM32F103x6 -c -I../Core/Inc -I../Drivers/STM32F1xx_HAL_Driver/Inc -I../Drivers/STM32F1xx_HAL_Driver/Inc/Legacy -I../Drivers/CMSIS/Device/ST/STM32F1xx/Include -I../Drivers/CMSIS/Include -O0 -ffunction-sections -fdata-sections -Wall -fstack-usage -MMD -MP -MF"Core/Src/fsm_automatic.d" -MT"Core/Src/fsm_automatic.o" --specs=nano.specs -mfloat-abi=soft -mthumb -o "Core/Src/fsm_automatic.o"
arm-none-eabi-gcc "../Core/Src/fsm_manual.c" -mcpu=cortex-m3 -std=gnu11 -g3 -DDEBUG -DUSE_HAL_DRIVER -DSTM32F103x6 -c -I../Core/Inc -I../Drivers/STM32F1xx_HAL_Driver/Inc -I../Drivers/STM32F1xx_HAL_Driver/Inc/Legacy -I../Drivers/CMSIS/Device/ST/STM32F1xx/Include -I../Drivers/CMSIS/Include -O0 -ffunction-sections -fdata-sections -Wall -fstack-usage -MMD -MP -MF"Core/Src/fsm_manual.d" -MT"Core/Src/fsm_manual.o" --specs=nano.specs -mfloat-abi=soft -mthumb -o "Core/Src/fsm_manual.o"
../Core/Src/fsm_automatic.c: In function 'fsm_automatic_run':
../Core/Src/fsm_automatic.c:30:6: warning: implicit declaration of function 'isButton1Pressed' [-Wimplicit-function-declaration]
   30 |   if(isButton1Pressed() == 1){
      |      ^~~~~~~~~~~~~~~~
../Core/Src/fsm_manual.c: In function 'fsm_manual_run':
../Core/Src/fsm_manual.c:21:6: warning: implicit declaration of function 'isButton1Pressed' [-Wimplicit-function-declaration]
   21 |   if(isButton1Pressed() == 1){
      |      ^~~~~~~~~~~~~~~~
arm-none-eabi-gcc -o "MCU_Lab3.elf" @"objects.list"   -mcpu=cortex-m3 -T"C:\Users\Hoai Thanh\Documents\VXK-VDK\MCU_Lab3\MCU_Lab3\STM32F103C6UX_FLASH.ld" --specs=nosys.specs -Wl,-Map="MCU_Lab3.map" -Wl,--gc-sections -static --specs=nano.specs -mfloat-abi=soft -mthumb -Wl,--start-group -lc -lm -Wl,--end-group
Finished building target: MCU_Lab3.elf
 
arm-none-eabi-size   MCU_Lab3.elf 
arm-none-eabi-objdump -h -S  MCU_Lab3.elf  > "MCU_Lab3.list"
   text	   data	    bss	    dec	    hex	filename
   7648	     40	   1656	   9344	   2480	MCU_Lab3.elf
arm-none-eabi-objcopy  -O ihex  MCU_Lab3.elf  "MCU_Lab3.hex"
Finished building: default.size.stdout
arm-none-eabi-objcopy  -O binary  MCU_Lab3.elf  "MCU_Lab3.bin"
 
Finished building: MCU_Lab3.list
Finished building: MCU_Lab3.hex
 
Finished building: MCU_Lab3.bin
 
 
18:21:49 **** Incremental Build of configuration Debug for project MCU_Lab3 ****
make -j8 all 
arm-none-eabi-gcc "../Core/Src/main.c" -mcpu=cortex-m3 -std=gnu11 -g3 -DDEBUG -DUSE_HAL_DRIVER -DSTM32F103x6 -c -I../Core/Inc -I../Drivers/STM32F1xx_HAL_Driver/Inc -I../Drivers/STM32F1xx_HAL_Driver/Inc/Legacy -I../Drivers/CMSIS/Device/ST/STM32F1xx/Include -I../Drivers/CMSIS/Include -O0 -ffunction-sections -fdata-sections -Wall -fstack-usage -MMD -MP -MF"Core/Src/main.d" -MT"Core/Src/main.o" --specs=nano.specs -mfloat-abi=soft -mthumb -o "Core/Src/main.o"
arm-none-eabi-gcc -o "MCU_Lab3.elf" @"objects.list"   -mcpu=cortex-m3 -T"C:\Users\Hoai Thanh\Documents\VXK-VDK\MCU_Lab3\MCU_Lab3\STM32F103C6UX_FLASH.ld" --specs=nosys.specs -Wl,-Map="MCU_Lab3.map" -Wl,--gc-sections -static --specs=nano.specs -mfloat-abi=soft -mthumb -Wl,--start-group -lc -lm -Wl,--end-group
Finished building target: MCU_Lab3.elf
 
arm-none-eabi-size   MCU_Lab3.elf 
arm-none-eabi-objdump -h -S  MCU_Lab3.elf  > "MCU_Lab3.list"
   text	   data	    bss	    dec	    hex	filename
   7788	     40	   1656	   9484	   250c	MCU_Lab3.elf
arm-none-eabi-objcopy  -O ihex  MCU_Lab3.elf  "MCU_Lab3.hex"
Finished building: default.size.stdout
arm-none-eabi-objcopy  -O binary  MCU_Lab3.elf  "MCU_Lab3.bin"
 
Finished building: MCU_Lab3.list
Finished building: MCU_Lab3.hex
 
Finished building: MCU_Lab3.bin
 
 
18:24:32 **** Incremental Build of configuration Debug for project MCU_Lab3 ****
make -j8 all 
arm-none-eabi-size   MCU_Lab3.elf 
   text	   data	    bss	    dec	    hex	filename
   7788	     40	   1656	   9484	   250c	MCU_Lab3.elf
Finished building: default.size.stdout
 
18:28:02 **** Incremental Build of configuration Debug for project MCU_Lab3 ****
make -j8 all 
arm-none-eabi-gcc "../Core/Src/fsm_automatic.c" -mcpu=cortex-m3 -std=gnu11 -g3 -DDEBUG -DUSE_HAL_DRIVER -DSTM32F103x6 -c -I../Core/Inc -I../Drivers/STM32F1xx_HAL_Driver/Inc -I../Drivers/STM32F1xx_HAL_Driver/Inc/Legacy -I../Drivers/CMSIS/Device/ST/STM32F1xx/Include -I../Drivers/CMSIS/Include -O0 -ffunction-sections -fdata-sections -Wall -fstack-usage -MMD -MP -MF"Core/Src/fsm_automatic.d" -MT"Core/Src/fsm_automatic.o" --specs=nano.specs -mfloat-abi=soft -mthumb -o "Core/Src/fsm_automatic.o"
../Core/Src/fsm_automatic.c: In function 'fsm_automatic_run':
../Core/Src/fsm_automatic.c:20:3: warning: implicit declaration of function 'isButton1Pressed' [-Wimplicit-function-declaration]
   20 |   isButton1Pressed(); //xoa co
      |   ^~~~~~~~~~~~~~~~
arm-none-eabi-gcc -o "MCU_Lab3.elf" @"objects.list"   -mcpu=cortex-m3 -T"C:\Users\Hoai Thanh\Documents\VXK-VDK\MCU_Lab3\MCU_Lab3\STM32F103C6UX_FLASH.ld" --specs=nosys.specs -Wl,-Map="MCU_Lab3.map" -Wl,--gc-sections -static --specs=nano.specs -mfloat-abi=soft -mthumb -Wl,--start-group -lc -lm -Wl,--end-group
Finished building target: MCU_Lab3.elf
 
arm-none-eabi-size   MCU_Lab3.elf 
arm-none-eabi-objdump -h -S  MCU_Lab3.elf  > "MCU_Lab3.list"
   text	   data	    bss	    dec	    hex	filename
   7800	     40	   1656	   9496	   2518	MCU_Lab3.elf
arm-none-eabi-objcopy  -O ihex  MCU_Lab3.elf  "MCU_Lab3.hex"
Finished building: default.size.stdout
arm-none-eabi-objcopy  -O binary  MCU_Lab3.elf  "MCU_Lab3.bin"
 
Finished building: MCU_Lab3.list
Finished building: MCU_Lab3.hex
 
Finished building: MCU_Lab3.bin
 
 
18:30:37 **** Incremental Build of configuration Debug for project MCU_Lab3 ****
make -j8 all 
arm-none-eabi-gcc "../Core/Src/fsm_automatic.c" -mcpu=cortex-m3 -std=gnu11 -g3 -DDEBUG -DUSE_HAL_DRIVER -DSTM32F103x6 -c -I../Core/Inc -I../Drivers/STM32F1xx_HAL_Driver/Inc -I../Drivers/STM32F1xx_HAL_Driver/Inc/Legacy -I../Drivers/CMSIS/Device/ST/STM32F1xx/Include -I../Drivers/CMSIS/Include -O0 -ffunction-sections -fdata-sections -Wall -fstack-usage -MMD -MP -MF"Core/Src/fsm_automatic.d" -MT"Core/Src/fsm_automatic.o" --specs=nano.specs -mfloat-abi=soft -mthumb -o "Core/Src/fsm_automatic.o"
arm-none-eabi-gcc "../Core/Src/fsm_manual.c" -mcpu=cortex-m3 -std=gnu11 -g3 -DDEBUG -DUSE_HAL_DRIVER -DSTM32F103x6 -c -I../Core/Inc -I../Drivers/STM32F1xx_HAL_Driver/Inc -I../Drivers/STM32F1xx_HAL_Driver/Inc/Legacy -I../Drivers/CMSIS/Device/ST/STM32F1xx/Include -I../Drivers/CMSIS/Include -O0 -ffunction-sections -fdata-sections -Wall -fstack-usage -MMD -MP -MF"Core/Src/fsm_manual.d" -MT"Core/Src/fsm_manual.o" --specs=nano.specs -mfloat-abi=soft -mthumb -o "Core/Src/fsm_manual.o"
../Core/Src/fsm_automatic.c: In function 'fsm_automatic_run':
../Core/Src/fsm_automatic.c:30:6: warning: implicit declaration of function 'isButton1Pressed' [-Wimplicit-function-declaration]
   30 |   if(isButton1Pressed() == 1){
      |      ^~~~~~~~~~~~~~~~
../Core/Src/fsm_manual.c: In function 'fsm_manual_run':
../Core/Src/fsm_manual.c:21:6: warning: implicit declaration of function 'isButton1Pressed' [-Wimplicit-function-declaration]
   21 |   if(isButton1Pressed() == 1){
      |      ^~~~~~~~~~~~~~~~
arm-none-eabi-gcc -o "MCU_Lab3.elf" @"objects.list"   -mcpu=cortex-m3 -T"C:\Users\Hoai Thanh\Documents\VXK-VDK\MCU_Lab3\MCU_Lab3\STM32F103C6UX_FLASH.ld" --specs=nosys.specs -Wl,-Map="MCU_Lab3.map" -Wl,--gc-sections -static --specs=nano.specs -mfloat-abi=soft -mthumb -Wl,--start-group -lc -lm -Wl,--end-group
Finished building target: MCU_Lab3.elf
 
arm-none-eabi-size   MCU_Lab3.elf 
arm-none-eabi-objdump -h -S  MCU_Lab3.elf  > "MCU_Lab3.list"
   text	   data	    bss	    dec	    hex	filename
   7944	     40	   1656	   9640	   25a8	MCU_Lab3.elf
arm-none-eabi-objcopy  -O ihex  MCU_Lab3.elf  "MCU_Lab3.hex"
Finished building: default.size.stdout
arm-none-eabi-objcopy  -O binary  MCU_Lab3.elf  "MCU_Lab3.bin"
 
Finished building: MCU_Lab3.list
Finished building: MCU_Lab3.hex
 
Finished building: MCU_Lab3.bin
 
 
18:32:10 **** Incremental Build of configuration Debug for project MCU_Lab3 ****
make -j8 all 
arm-none-eabi-gcc "../Core/Src/fsm_manual.c" -mcpu=cortex-m3 -std=gnu11 -g3 -DDEBUG -DUSE_HAL_DRIVER -DSTM32F103x6 -c -I../Core/Inc -I../Drivers/STM32F1xx_HAL_Driver/Inc -I../Drivers/STM32F1xx_HAL_Driver/Inc/Legacy -I../Drivers/CMSIS/Device/ST/STM32F1xx/Include -I../Drivers/CMSIS/Include -O0 -ffunction-sections -fdata-sections -Wall -fstack-usage -MMD -MP -MF"Core/Src/fsm_manual.d" -MT"Core/Src/fsm_manual.o" --specs=nano.specs -mfloat-abi=soft -mthumb -o "Core/Src/fsm_manual.o"
../Core/Src/fsm_manual.c: In function 'fsm_manual_run':
../Core/Src/fsm_manual.c:21:6: warning: implicit declaration of function 'isButton1Pressed' [-Wimplicit-function-declaration]
   21 |   if(isButton1Pressed() == 1){
      |      ^~~~~~~~~~~~~~~~
arm-none-eabi-gcc -o "MCU_Lab3.elf" @"objects.list"   -mcpu=cortex-m3 -T"C:\Users\Hoai Thanh\Documents\VXK-VDK\MCU_Lab3\MCU_Lab3\STM32F103C6UX_FLASH.ld" --specs=nosys.specs -Wl,-Map="MCU_Lab3.map" -Wl,--gc-sections -static --specs=nano.specs -mfloat-abi=soft -mthumb -Wl,--start-group -lc -lm -Wl,--end-group
Finished building target: MCU_Lab3.elf
 
arm-none-eabi-size   MCU_Lab3.elf 
arm-none-eabi-objdump -h -S  MCU_Lab3.elf  > "MCU_Lab3.list"
   text	   data	    bss	    dec	    hex	filename
   7944	     40	   1656	   9640	   25a8	MCU_Lab3.elf
arm-none-eabi-objcopy  -O ihex  MCU_Lab3.elf  "MCU_Lab3.hex"
Finished building: default.size.stdout
arm-none-eabi-objcopy  -O binary  MCU_Lab3.elf  "MCU_Lab3.bin"
 
Finished building: MCU_Lab3.list
Finished building: MCU_Lab3.hex
 
Finished building: MCU_Lab3.bin
 
 
18:34:20 **** Incremental Build of configuration Debug for project MCU_Lab3 ****
make -j8 all 
arm-none-eabi-gcc "../Core/Src/fsm_manual.c" -mcpu=cortex-m3 -std=gnu11 -g3 -DDEBUG -DUSE_HAL_DRIVER -DSTM32F103x6 -c -I../Core/Inc -I../Drivers/STM32F1xx_HAL_Driver/Inc -I../Drivers/STM32F1xx_HAL_Driver/Inc/Legacy -I../Drivers/CMSIS/Device/ST/STM32F1xx/Include -I../Drivers/CMSIS/Include -O0 -ffunction-sections -fdata-sections -Wall -fstack-usage -MMD -MP -MF"Core/Src/fsm_manual.d" -MT"Core/Src/fsm_manual.o" --specs=nano.specs -mfloat-abi=soft -mthumb -o "Core/Src/fsm_manual.o"
../Core/Src/fsm_manual.c: In function 'fsm_manual_run':
../Core/Src/fsm_manual.c:21:6: warning: implicit declaration of function 'isButton1Pressed' [-Wimplicit-function-declaration]
   21 |   if(isButton1Pressed() == 1){
      |      ^~~~~~~~~~~~~~~~
arm-none-eabi-gcc -o "MCU_Lab3.elf" @"objects.list"   -mcpu=cortex-m3 -T"C:\Users\Hoai Thanh\Documents\VXK-VDK\MCU_Lab3\MCU_Lab3\STM32F103C6UX_FLASH.ld" --specs=nosys.specs -Wl,-Map="MCU_Lab3.map" -Wl,--gc-sections -static --specs=nano.specs -mfloat-abi=soft -mthumb -Wl,--start-group -lc -lm -Wl,--end-group
Finished building target: MCU_Lab3.elf
 
arm-none-eabi-size   MCU_Lab3.elf 
arm-none-eabi-objdump -h -S  MCU_Lab3.elf  > "MCU_Lab3.list"
   text	   data	    bss	    dec	    hex	filename
   7944	     40	   1656	   9640	   25a8	MCU_Lab3.elf
arm-none-eabi-objcopy  -O ihex  MCU_Lab3.elf  "MCU_Lab3.hex"
Finished building: default.size.stdout
arm-none-eabi-objcopy  -O binary  MCU_Lab3.elf  "MCU_Lab3.bin"
 
Finished building: MCU_Lab3.list
Finished building: MCU_Lab3.hex
 
Finished building: MCU_Lab3.bin
 
 
